// Jest Snapshot v1, https://goo.gl/fbAQLP

exports[`<AuthHandler/> render match snapshop 1`] = `
<div
  className="handler auth props.className"
>
  <h1>
    props.label
  </h1>
  <div
    className="input-wrapper"
  >
    <input
      onChange={[Function]}
      type="text"
    />
  </div>
  <div
    className="input-wrapper"
  >
    <input
      onChange={[Function]}
      type="password"
    />
  </div>
  <div>
    <button
      className="btn-submit"
      onClick={[Function]}
    >
      log in
    </button>
  </div>
  <Link
    replace={false}
    to="/sign-up"
  >
    sign up
  </Link>
  <Link
    replace={false}
    to="/password-reset"
  >
    forgotten password
  </Link>
</div>
`;
