// Jest Snapshot v1, https://goo.gl/fbAQLP

exports[`<AuthHandler/> render with default/required props 1`] = `
<FormHandler
  cancelCTRL={
    Object {
      "label": "cancel",
    }
  }
  className="form--rounded"
  config={
    Array [
      Object {
        "items": Array [
          Object {
            "c": [Function],
            "errors": Array [
              "error 1",
              "error 2",
            ],
            "label": "username",
            "value": "example@example.com",
          },
          Object {
            "c": [Function],
            "label": "password",
            "type": "password",
            "value": "query",
          },
        ],
        "title": "account details [ private details ]",
      },
      Object {
        "items": Array [
          Object {
            "c": [Function],
            "label": "nickname",
            "value": "example",
          },
        ],
        "title": "public details",
      },
    ]
  }
  cy=""
  submitCTRL={
    Object {
      "label": "submit",
    }
  }
  title="login required"
  updateCTRL={
    Object {
      "label": "update",
    }
  }
/>
`;
