// Jest Snapshot v1, https://goo.gl/fbAQLP

exports[`<WebApp/> render with default/required props 1`] = `
<Fragment>
  <SideNav
    className=""
    data-cy=""
    routes={Array []}
    title="battleship"
  />
  <Switch>
    <Route
      component={[Function]}
      exact={true}
      key="0"
      path="/"
    />
  </Switch>
</Fragment>
`;

exports[`<WebApp/> render with optional props [::user] as "[object Object]" 1`] = `
<Fragment>
  <SideNav
    className=""
    data-cy=""
    routes={Array []}
    title="battleship"
  />
  <Switch>
    <Route
      component={[Function]}
      exact={true}
      key="0"
      path="/"
    />
  </Switch>
</Fragment>
`;
